../Core/Src/main.cpp:95:5:int main()	480	static
../Core/Src/main.cpp:258:6:void SystemClock_Config()	88	static
../Core/Src/main.cpp:304:13:void MX_I2C1_Init()	8	static
../Core/Src/main.cpp:337:13:void MX_TIM1_Init()	80	static
../Core/Src/main.cpp:406:13:void MX_TIM2_Init()	48	static
../Core/Src/main.cpp:467:13:void MX_TIM3_Init()	56	static
../Core/Src/main.cpp:516:13:void MX_TIM4_Init()	56	static
../Core/Src/main.cpp:565:13:void MX_TIM5_Init()	48	static
../Core/Src/main.cpp:614:13:void MX_USART1_UART_Init()	8	static
../Core/Src/main.cpp:647:13:void MX_GPIO_Init()	48	static
../Core/Src/main.cpp:683:6:void Error_Handler()	4	static,ignoring_inline_asm
