../Core/Src/main.cpp:100:5:int main()	504	static
../Core/Src/main.cpp:250:6:void SystemClock_Config()	88	static
../Core/Src/main.cpp:296:13:void MX_I2C1_Init()	8	static
../Core/Src/main.cpp:329:13:void MX_TIM1_Init()	80	static
../Core/Src/main.cpp:398:13:void MX_TIM2_Init()	48	static
../Core/Src/main.cpp:459:13:void MX_TIM3_Init()	56	static
../Core/Src/main.cpp:508:13:void MX_TIM4_Init()	56	static
../Core/Src/main.cpp:557:13:void MX_TIM5_Init()	48	static
../Core/Src/main.cpp:606:13:void MX_USART1_UART_Init()	8	static
../Core/Src/main.cpp:639:13:void MX_GPIO_Init()	48	static
../Core/Src/main.cpp:675:6:void Error_Handler()	4	static,ignoring_inline_asm
