../Core/Inc/motor_driver.cpp:16:1:motor_driver::motor_driver()	16	static
../Core/Inc/motor_driver.cpp:22:1:motor_driver::motor_driver(TIM_HandleTypeDef*, uint32_t, uint32_t)	24	static
../Core/Inc/motor_driver.cpp:39:6:void motor_driver::Set_PWM(int16_t)	24	static
../Core/Inc/motor_driver.cpp:73:6:void motor_driver::Stop_Motor()	16	static
../Core/Inc/motor_driver.cpp:82:1:encoder_reader::encoder_reader()	16	static
../Core/Inc/motor_driver.cpp:88:1:encoder_reader::encoder_reader(TIM_HandleTypeDef*)	16	static
../Core/Inc/motor_driver.cpp:102:6:void encoder_reader::zero_count()	16	static
../Core/Inc/motor_driver.cpp:110:9:int32_t encoder_reader::get_count()	16	static
../Core/Inc/motor_driver.cpp:130:1:feedback_controller::feedback_controller()	16	static
../Core/Inc/motor_driver.cpp:142:6:void feedback_controller::set_setpoint(int32_t)	16	static
../Core/Inc/motor_driver.cpp:148:6:void feedback_controller::set_KP(int16_t)	16	static
../Core/Inc/motor_driver.cpp:155:6:void feedback_controller::set_KI(int16_t)	16	static
../Core/Inc/motor_driver.cpp:162:9:int16_t feedback_controller::run(int32_t)	16	static
../Core/Inc/motor_driver.cpp:174:1:servo_driver::servo_driver()	16	static
../Core/Inc/motor_driver.cpp:180:1:servo_driver::servo_driver(TIM_HandleTypeDef*, uint32_t)	24	static
../Core/Inc/motor_driver.cpp:193:6:void servo_driver::Set_Position(int16_t)	24	static
